[31m[Nest] 18828  - [39m2026-03-18, 13:35:49 [31m  ERROR[39m [38;5;3m[NestApplication] [39m[31mError: listen EADDRINUSE: address already in use :::3000[39m[38;5;3m +3ms[39m
node:net:1908
    const ex = new UVExceptionWithHostPort(err, 'listen', address, port);
               ^

Error: listen EADDRINUSE: address already in use :::3000
    at Server.setupListenHandle [as _listen2] (node:net:1908:16)
    at listenInCluster (node:net:1965:12)
    at Server.listen (node:net:2067:7)
    at ExpressAdapter.listen (C:\Users\mhdas\OneDrive\Desktop\wallet-with-taxes\backend\node_modules\@nestjs\platform-express\adapters\express-adapter.js:109:32)
    at C:\Users\mhdas\OneDrive\Desktop\wallet-with-taxes\backend\node_modules\@nestjs\core\nest-application.js:183:30
    at new Promise (<anonymous>)
    at NestApplication.listen (C:\Users\mhdas\OneDrive\Desktop\wallet-with-taxes\backend\node_modules\@nestjs\core\nest-application.js:173:16)
    at process.processTicksAndRejections (node:internal/process/task_queues:95:5)
    at async bootstrap (C:\Users\mhdas\OneDrive\Desktop\wallet-with-taxes\backend\src\main.ts:45:3) {
  code: 'EADDRINUSE',
  errno: -4091,
  syscall: 'listen',
  address: '::',
  port: 3000
}

Node.js v20.19.6
Skipping on-chain wallet creation (RPC unavailable?): Error: execution reverted (no data present; likely require(false) occurred (action="estimateGas", data="0x", reason="require(false)", transaction={ "data": "0xb054a9e8000000000000000000000000c9af53e9fb4e1dee8fae5cdf2d2e883ee4c2b154", "from": "0xf39Fd6e51aad88F6F4ce6aB8827279cffFb92266", "to": "0x5FbDB2315678afecb367f032d93F642f64180aa3" }, invocation=null, revert=null, code=CALL_EXCEPTION, version=6.13.7)
    at makeError (C:\Users\mhdas\OneDrive\Desktop\wallet-with-taxes\backend\node_modules\ethers\src.ts\utils\errors.ts:694:21)
    at getBuiltinCallException (C:\Users\mhdas\OneDrive\Desktop\wallet-with-taxes\backend\node_modules\ethers\src.ts\abi\abi-coder.ts:118:21)
    at Function.getBuiltinCallException (C:\Users\mhdas\OneDrive\Desktop\wallet-with-taxes\backend\node_modules\ethers\src.ts\abi\abi-coder.ts:235:16)
    at JsonRpcProvider.getRpcError (C:\Users\mhdas\OneDrive\Desktop\wallet-with-taxes\backend\node_modules\ethers\src.ts\providers\provider-jsonrpc.ts:989:32)
    at <anonymous> (C:\Users\mhdas\OneDrive\Desktop\wallet-with-taxes\backend\node_modules\ethers\src.ts\providers\provider-jsonrpc.ts:563:45)
    at process.processTicksAndRejections (node:internal/process/task_queues:95:5) {
  code: 'CALL_EXCEPTION',
  action: 'estimateGas',
  data: '0x',
  reason: 'require(false)',
  transaction: {
    to: '0x5FbDB2315678afecb367f032d93F642f64180aa3',
    data: '0xb054a9e8000000000000000000000000c9af53e9fb4e1dee8fae5cdf2d2e883ee4c2b154',
    from: '0xf39Fd6e51aad88F6F4ce6aB8827279cffFb92266'
  },
  invocation: null,
  revert: null,
  shortMessage: 'execution reverted (no data present; likely require(false) occurred',
  info: {
    error: { code: 3, message: 'execution reverted', data: '0x' },
    payload: {
      method: 'eth_estimateGas',
      params: [Array],
      id: 3,
      jsonrpc: '2.0'
    }
  }
}
Skipping on-chain wallet creation (RPC unavailable?): Error: execution reverted (no data present; likely require(false) occurred (action="estimateGas", data="0x", reason="require(false)", transaction={ "data": "0xb054a9e80000000000000000000000004a786d0d54ebbcff161e6fd80b988d89d0f270d1", "from": "0xf39Fd6e51aad88F6F4ce6aB8827279cffFb92266", "to": "0x5FbDB2315678afecb367f032d93F642f64180aa3" }, invocation=null, revert=null, code=CALL_EXCEPTION, version=6.13.7)
    at makeError (C:\Users\mhdas\OneDrive\Desktop\wallet-with-taxes\backend\node_modules\ethers\src.ts\utils\errors.ts:694:21)
    at getBuiltinCallException (C:\Users\mhdas\OneDrive\Desktop\wallet-with-taxes\backend\node_modules\ethers\src.ts\abi\abi-coder.ts:118:21)
    at Function.getBuiltinCallException (C:\Users\mhdas\OneDrive\Desktop\wallet-with-taxes\backend\node_modules\ethers\src.ts\abi\abi-coder.ts:235:16)
    at JsonRpcProvider.getRpcError (C:\Users\mhdas\OneDrive\Desktop\wallet-with-taxes\backend\node_modules\ethers\src.ts\providers\provider-jsonrpc.ts:989:32)
    at <anonymous> (C:\Users\mhdas\OneDrive\Desktop\wallet-with-taxes\backend\node_modules\ethers\src.ts\providers\provider-jsonrpc.ts:563:45)
    at process.processTicksAndRejections (node:internal/process/task_queues:95:5) {
  code: 'CALL_EXCEPTION',
  action: 'estimateGas',
  data: '0x',
  reason: 'require(false)',
  transaction: {
    to: '0x5FbDB2315678afecb367f032d93F642f64180aa3',
    data: '0xb054a9e80000000000000000000000004a786d0d54ebbcff161e6fd80b988d89d0f270d1',
    from: '0xf39Fd6e51aad88F6F4ce6aB8827279cffFb92266'
  },
  invocation: null,
  revert: null,
  shortMessage: 'execution reverted (no data present; likely require(false) occurred',
  info: {
    error: { code: 3, message: 'execution reverted', data: '0x' },
    payload: {
      method: 'eth_estimateGas',
      params: [Array],
      id: 3,
      jsonrpc: '2.0'
    }
  }
}
[31m[Nest] 38528  - [39m2026-03-18, 14:06:23 [31m  ERROR[39m [38;5;3m[NestApplication] [39m[31mError: listen EADDRINUSE: address already in use :::3000[39m[38;5;3m +2ms[39m
node:net:1908
    const ex = new UVExceptionWithHostPort(err, 'listen', address, port);
               ^

Error: listen EADDRINUSE: address already in use :::3000
    at Server.setupListenHandle [as _listen2] (node:net:1908:16)
    at listenInCluster (node:net:1965:12)
    at Server.listen (node:net:2067:7)
    at ExpressAdapter.listen (C:\Users\mhdas\OneDrive\Desktop\wallet-with-taxes\backend\node_modules\@nestjs\platform-express\adapters\express-adapter.js:109:32)
    at C:\Users\mhdas\OneDrive\Desktop\wallet-with-taxes\backend\node_modules\@nestjs\core\nest-application.js:183:30
    at new Promise (<anonymous>)
    at NestApplication.listen (C:\Users\mhdas\OneDrive\Desktop\wallet-with-taxes\backend\node_modules\@nestjs\core\nest-application.js:173:16)
    at process.processTicksAndRejections (node:internal/process/task_queues:95:5)
    at async bootstrap (C:\Users\mhdas\OneDrive\Desktop\wallet-with-taxes\backend\src\main.ts:45:3) {
  code: 'EADDRINUSE',
  errno: -4091,
  syscall: 'listen',
  address: '::',
  port: 3000
}

Node.js v20.19.6
[31m[Nest] 19576  - [39m2026-03-18, 14:07:31 [31m  ERROR[39m [38;5;3m[NestApplication] [39m[31mError: listen EADDRINUSE: address already in use :::3000[39m[38;5;3m +1ms[39m
node:net:1908
    const ex = new UVExceptionWithHostPort(err, 'listen', address, port);
               ^

Error: listen EADDRINUSE: address already in use :::3000
    at Server.setupListenHandle [as _listen2] (node:net:1908:16)
    at listenInCluster (node:net:1965:12)
    at Server.listen (node:net:2067:7)
    at ExpressAdapter.listen (C:\Users\mhdas\OneDrive\Desktop\wallet-with-taxes\backend\node_modules\@nestjs\platform-express\adapters\express-adapter.js:109:32)
    at C:\Users\mhdas\OneDrive\Desktop\wallet-with-taxes\backend\node_modules\@nestjs\core\nest-application.js:183:30
    at new Promise (<anonymous>)
    at NestApplication.listen (C:\Users\mhdas\OneDrive\Desktop\wallet-with-taxes\backend\node_modules\@nestjs\core\nest-application.js:173:16)
    at process.processTicksAndRejections (node:internal/process/task_queues:95:5)
    at async bootstrap (C:\Users\mhdas\OneDrive\Desktop\wallet-with-taxes\backend\src\main.ts:45:3) {
  code: 'EADDRINUSE',
  errno: -4091,
  syscall: 'listen',
  address: '::',
  port: 3000
}

Node.js v20.19.6
